// Jest Snapshot v1, https://goo.gl/fbAQLP

exports[`Test Adding Numbers Expect 1 + 2 to be 3 1`] = `3`;
